10
8
4
1000000
53178
40572
79629
95725
90237
97717
26244
29247
11233
58892
4841
4376
5392
6904
5308
1597
3940
1464
6992
2755
4144
3221
862
3128
4960
1148
597
2448
2394
3424
5502
1765
2440
6680
1234
2418
2480
5672
1832
5104
2328
3901
2960
2314
4448
2232
1472
5616
4308
2857
