5/5
1/6
0/20
0/40
0/0
50/50
51/51
51/51
996003/996003
1173/1206
28701/29086
175055/176465
12026/12525
4037/4037
72983/73106
52036/53436
22299/23027
48402/48434
129910/129929
