2
11
2
11
14
38
30948713
31606529
16637670
5476476
1164195
188594
25171
577
0
0
0
0
0
0
0
0
0
0
0
0
0
0
0
0
0
0
0
0
0
0
0
0
0
0
0
0
0
0
0
0
109
0
0
0
0
0
0
0
0
0
0
0
0
1083
0
0
0
0
0
0
0
0
0
0
0
0
0
0
0
133
