856943414089
XXXXXXXXXXXX
856943414089
893633360809
877807009552
460329753557
952280615880
650472600735
137354555897
381517918066
004192163997
105969688470
935505802163
XXXXXXXXXXXX
XXXXXXXXXXXX
XXXXXXXXXXXX
XXXXXXXXXXXX
XXXXXXXXXXXX
XXXXXXXXXXXX
XXXXXXXXXXXX
XXXXXXXXXXXX
XXXXXXXXXXXX
XXXXXXXXXXXX
950159748232
204617070092
307581465970
888548216561
665490938757
887220223390
683288662575
624032701961
044570910072
011651059394
XXXXXXXXXXXX
XXXXXXXXXXXX
XXXXXXXXXXXX
121082877596
871657889227
838720744908
002257020188
229567160078
779577396042
064829938834
709426339176
621081104305
042278874669
XXXXXXXXXXXX
XXXXXXXXXXXX
XXXXXXXXXXXX
XXXXXXXXXXXX
XXXXXXXXXXXX
XXXXXXXXXXXX
XXXXXXXXXXXX
XXXXXXXXXXXX
XXXXXXXXXXXX
XXXXXXXXXXXX
588351778474
786071957536
839113716483
678459881499
482819004583
911286350909
673352035826
817882099593
813787500437
939602557130
